MORESIMPLE REPORT:


############### BuiltIn -> RuleGroup=Design Read ###############
+++++++++++++++++++++++++++++++++++++++++++++++++++++++++++++++++++++++++++++++++++++++
ID       Rule                    Alias                   Severity    File                                                                                  Line    Wt    Message
======================================================================================
[1]      DetectTopDesignUnits    DetectTopDesignUnits    Info        iob_fifo_async.v                                                                      5       2     Module iob_fifo_async is a top level design unit
[12E]    Domain_Matrix01                                 Info        spyglass.sgdc                                                                         2       10    Domain Matrix for design "iob_fifo_async",  based on the individual constraints defined in the SDC as inferred in the Sta mode
[0]      ElabSummary             ElabSummary             Info        ./spyglass/iob_fifo_async/lint/lint_rtl/spyglass_reports/SpyGlass/elab_summary.rpt    0       2     Please refer file './spyglass/iob_fifo_async/lint/lint_rtl/spyglass_reports/SpyGlass/elab_summary.rpt' for elab summary report
+++++++++++++++++++++++++++++++++++++++++++++++++++++++++++++++++++++++++++++++++++++++


############### Non-BuiltIn -> Goal=lint/lint_rtl ###############
+++++++++++++++++++++++++++++++++++++++++++++++++++++++++++++++++++++++++++++++++++++++
ID       Rule              Alias                  Severity     File                Line    Wt    Message
======================================================================================
[13A]    ClkHierName       (OpenMORE 5.2.1.7)     Guideline    iob_fifo_async.v    97      5     Clock signal name 'r_clk_i' does not match lower-level name 'clk_i' (instance w_waddr_gray_sync0)
[13B]    ClkHierName       (OpenMORE 5.2.1.7)     Guideline    iob_fifo_async.v    114     5     Clock signal name 'w_clk_i' does not match lower-level name 'clk_i' (instance r_raddr_gray_sync0)
[13C]    ClkHierName       (OpenMORE 5.2.1.7)     Guideline    iob_fifo_async.v    150     5     Clock signal name 'r_clk_i' does not match lower-level name 'clk_i' (instance r_raddr_gray_counter)
[13D]    ClkHierName       (OpenMORE 5.2.1.7)     Guideline    iob_fifo_async.v    166     5     Clock signal name 'w_clk_i' does not match lower-level name 'clk_i' (instance w_waddr_gray_counter)
[A]      NoTopLogic        (OpenMORE 5.6.8.1)     Guideline    iob_fifo_async.v    76      5     Logic inferred at the top level
[B]      NoTopLogic        (OpenMORE 5.6.8.1)     Guideline    iob_fifo_async.v    79      5     Logic inferred at the top level
[C]      NoTopLogic        (OpenMORE 5.6.8.1)     Guideline    iob_fifo_async.v    82      5     Logic inferred at the top level
[D]      NoTopLogic        (OpenMORE 5.6.8.1)     Guideline    iob_fifo_async.v    83      5     Logic inferred at the top level
[2]      NoTopLogic        (OpenMORE 5.6.8.1)     Guideline    iob_fifo_async.v    131     5     Logic inferred at the top level
[3]      NoTopLogic        (OpenMORE 5.6.8.1)     Guideline    iob_fifo_async.v    135     5     Logic inferred at the top level
[4]      NoTopLogic        (OpenMORE 5.6.8.1)     Guideline    iob_fifo_async.v    136     5     Logic inferred at the top level
[5]      NoTopLogic        (OpenMORE 5.6.8.1)     Guideline    iob_fifo_async.v    140     5     Logic inferred at the top level
[6]      NoTopLogic        (OpenMORE 5.6.8.1)     Guideline    iob_fifo_async.v    144     5     Logic inferred at the top level
[7]      NoTopLogic        (OpenMORE 5.6.8.1)     Guideline    iob_fifo_async.v    145     5     Logic inferred at the top level
[8]      NoTopLogic        (OpenMORE 5.6.8.1)     Guideline    iob_fifo_async.v    149     5     Logic inferred at the top level
[9]      NoTopLogic        (OpenMORE 5.6.8.1)     Guideline    iob_fifo_async.v    165     5     Logic inferred at the top level
[142]    RegInput-ML       RegInput-ML            Warning      iob_fifo_async.v    30      10    Input port 'ext_mem_r_data_i[20:0]' is not registered [module:iob_fifo_async]
[13E]    RegInput-ML       RegInput-ML            Warning      iob_fifo_async.v    37      10    Input port 'r_en_i' is not registered [module:iob_fifo_async]
[13F]    RegInput-ML       RegInput-ML            Warning      iob_fifo_async.v    48      10    Input port 'w_en_i' is not registered [module:iob_fifo_async]
[141]    RegInput-ML       RegInput-ML            Warning      iob_fifo_async.v    49      10    Input port 'w_data_i[20:0]' is not registered [module:iob_fifo_async]
[140]    RegInput-ML       RegInput-ML            Warning      iob_gray2bin.v      9       10    Input port 'gr_i[21:0]' is not registered [module:iob_gray2bin]
[119]    RegOutName        (OpenMORE 5.2.1.13)    Guideline    iob_sync.v          22      5     Register output name 'sync' should end with regular expression /^(.*)_o/
[135]    RegOutputs        (OpenMORE 5.6.1.1)     Guideline    iob_fifo_async.v    132     5     Port 'r_level_o[21:0]' is not driven by a register
[130]    RegOutputs        (OpenMORE 5.6.1.1)     Guideline    iob_fifo_async.v    135     5     Port 'r_empty_o' is not driven by a register
[131]    RegOutputs        (OpenMORE 5.6.1.1)     Guideline    iob_fifo_async.v    136     5     Port 'r_full_o' is not driven by a register
[134]    RegOutputs        (OpenMORE 5.6.1.1)     Guideline    iob_fifo_async.v    141     5     Port 'w_level_o[21:0]' is not driven by a register
[132]    RegOutputs        (OpenMORE 5.6.1.1)     Guideline    iob_fifo_async.v    144     5     Port 'w_empty_o' is not driven by a register
[133]    RegOutputs        (OpenMORE 5.6.1.1)     Guideline    iob_fifo_async.v    145     5     Port 'w_full_o' is not driven by a register
[139]    RegOutputs        (OpenMORE 5.6.1.1)     Guideline    iob_fifo_async.v    226     5     Port 'ext_mem_w_en_o[0]' is not driven by a register
[138]    RegOutputs        (OpenMORE 5.6.1.1)     Guideline    iob_fifo_async.v    227     5     Port 'ext_mem_w_addr_o[20:0]' is not driven by a register
[137]    RegOutputs        (OpenMORE 5.6.1.1)     Guideline    iob_fifo_async.v    230     5     Port 'ext_mem_r_en_o[0]' is not driven by a register
[136]    RegOutputs        (OpenMORE 5.6.1.1)     Guideline    iob_fifo_async.v    231     5     Port 'ext_mem_r_addr_o[20:0]' is not driven by a register
[79]     STARC-2.10.6.1    CarryLossInArithOp     Caution      iob_fifo_async.v    131     10    Possible assignment overflow: lhs width 22 (Expr: 'r_level_int') should be greater than rhs width 22 (Expr: '(r_waddr_bin_n - r_raddr_bin_n)') to accommodate carry/borrow bit, [Hierarchy: ':iob_fifo_async']
[7A]     STARC-2.10.6.1    CarryLossInArithOp     Caution      iob_fifo_async.v    140     10    Possible assignment overflow: lhs width 22 (Expr: 'w_level_int') should be greater than rhs width 22 (Expr: '(w_waddr_bin_n - w_raddr_bin_n)') to accommodate carry/borrow bit, [Hierarchy: ':iob_fifo_async']
[7B]     W328                                     Warning      iob_fifo_async.v    56      5     Non-significant bits of constant are truncated during assignment (lhs width 22, rhs width 32)[Hierarchy: ':iob_fifo_async']
[E]      W34                                      Info         iob_lib.vh          10      2     Macro 'IOB_ABS' is never used
[F]      W34                                      Info         iob_lib.vh          11      2     Macro 'IOB_MUX2' is never used
[10]     W34                                      Info         iob_lib.vh          12      2     Macro 'IOB_COMB' is never used
[11]     W34                                      Info         iob_lib.vh          13      2     Macro 'IOB_MUX' is never used
[12]     W34                                      Info         iob_lib.vh          14      2     Macro 'IOB_DEMUX' is never used
[13]     W34                                      Info         iob_lib.vh          18      2     Macro 'IOB_INPUT_SIGNED' is never used
[14]     W34                                      Info         iob_lib.vh          20      2     Macro 'IOB_OUTPUT_VAR' is never used
[15]     W34                                      Info         iob_lib.vh          21      2     Macro 'IOB_INOUT' is never used
[16]     W34                                      Info         iob_lib.vh          25      2     Macro 'IOB_WIRE_SIGNED' is never used
[17]     W34                                      Info         iob_lib.vh          26      2     Macro 'IOB_VAR' is never used
[18]     W34                                      Info         iob_lib.vh          27      2     Macro 'IOB_VAR_SIGNED' is never used
[19]     W34                                      Info         iob_lib.vh          28      2     Macro 'IOB_VAR2WIRE' is never used
[1A]     W34                                      Info         iob_lib.vh          30      2     Macro 'IOB_WIREARRAY_2D' is never used
[1B]     W34                                      Info         iob_lib.vh          31      2     Macro 'IOB_WIREARRAY_2D_SIGNED' is never used
[1C]     W34                                      Info         iob_lib.vh          32      2     Macro 'IOB_VARARRAY_2D' is never used
[1D]     W34                                      Info         iob_lib.vh          33      2     Macro 'IOB_VARARRAY_2D_SIGNED' is never used
[1E]     W34                                      Info         iob_lib.vh          36      2     Macro 'IOB_NBYTES' is never used
[1F]     W34                                      Info         iob_lib.vh          37      2     Macro 'IOB_NBYTES_W' is never used
[20]     W34                                      Info         iob_lib.vh          38      2     Macro 'IOB_BYTE_OFFSET' is never used
[21]     W34                                      Info         iob_lib.vh          39      2     Macro 'IOB_WORD_ADDR' is never used
[22]     W34                                      Info         iob_lib.vh          40      2     Macro 'IOB_GET_NBYTES' is never used
[23]     W34                                      Info         iob_lib.vh          41      2     Macro 'IOB_GET_WDATA' is never used
[24]     W34                                      Info         iob_lib.vh          42      2     Macro 'IOB_GET_WSTRB' is never used
[25]     W34                                      Info         iob_lib.vh          43      2     Macro 'IOB_GET_RDATA' is never used
[26]     W34                                      Info         iob_lib.vh          51      2     Macro 'IOB_VAR_INIT' is never used
[27]     W34                                      Info         iob_lib.vh          54      2     Macro 'IOB_CLOCK' is never used
[28]     W34                                      Info         iob_lib.vh          57      2     Macro 'IOB_PULSE' is never used
[29]     W34                                      Info         iob_lib.vh          60      2     Macro 'IOB_RESET_SYNC' is never used
[2A]     W34                                      Info         iob_lib.vh          70      2     Macro 'VALID_W' is never used
[2B]     W34                                      Info         iob_lib.vh          71      2     Macro 'WSTRB_W_' is never used
[2C]     W34                                      Info         iob_lib.vh          72      2     Macro 'READY_W' is never used
[2D]     W34                                      Info         iob_lib.vh          74      2     Macro 'WRITE_W_' is never used
[2E]     W34                                      Info         iob_lib.vh          75      2     Macro 'READ_W_' is never used
[2F]     W34                                      Info         iob_lib.vh          79      2     Macro 'WDATA_P_' is never used
[30]     W34                                      Info         iob_lib.vh          80      2     Macro 'ADDR_P_' is never used
[31]     W34                                      Info         iob_lib.vh          81      2     Macro 'AVALID_P_' is never used
[32]     W34                                      Info         iob_lib.vh          83      2     Macro 'RDATA_P' is never used
[33]     W34                                      Info         iob_lib.vh          88      2     Macro 'REQ_W_' is never used
[34]     W34                                      Info         iob_lib.vh          90      2     Macro 'RESP_W_' is never used
[35]     W34                                      Info         iob_lib.vh          97      2     Macro 'REQ_' is never used
[36]     W34                                      Info         iob_lib.vh          100     2     Macro 'RESP_' is never used
[37]     W34                                      Info         iob_lib.vh          103     2     Macro 'AVALID_' is never used
[38]     W34                                      Info         iob_lib.vh          106     2     Macro 'ADDRESS_' is never used
[39]     W34                                      Info         iob_lib.vh          109     2     Macro 'WDATA_' is never used
[3A]     W34                                      Info         iob_lib.vh          112     2     Macro 'WSTRB_' is never used
[3B]     W34                                      Info         iob_lib.vh          115     2     Macro 'WRITE_' is never used
[3C]     W34                                      Info         iob_lib.vh          118     2     Macro 'RDATA_' is never used
[3D]     W34                                      Info         iob_lib.vh          121     2     Macro 'RVALID_' is never used
[3E]     W34                                      Info         iob_lib.vh          124     2     Macro 'READY_' is never used
[3F]     W34                                      Info         iob_lib.vh          130     2     Macro 'WSTRB_W' is never used
[40]     W34                                      Info         iob_lib.vh          132     2     Macro 'WRITE_W' is never used
[41]     W34                                      Info         iob_lib.vh          133     2     Macro 'READ_W' is never used
[42]     W34                                      Info         iob_lib.vh          135     2     Macro 'WDATA_P' is never used
[43]     W34                                      Info         iob_lib.vh          136     2     Macro 'ADDR_P' is never used
[44]     W34                                      Info         iob_lib.vh          137     2     Macro 'AVALID_P' is never used
[45]     W34                                      Info         iob_lib.vh          139     2     Macro 'REQ_W' is never used
[46]     W34                                      Info         iob_lib.vh          140     2     Macro 'RESP_W' is never used
[47]     W34                                      Info         iob_lib.vh          142     2     Macro 'REQ' is never used
[48]     W34                                      Info         iob_lib.vh          143     2     Macro 'RESP' is never used
[49]     W34                                      Info         iob_lib.vh          144     2     Macro 'AVALID' is never used
[4A]     W34                                      Info         iob_lib.vh          145     2     Macro 'ADDRESS' is never used
[4B]     W34                                      Info         iob_lib.vh          146     2     Macro 'WDATA' is never used
[4C]     W34                                      Info         iob_lib.vh          147     2     Macro 'WSTRB' is never used
[4D]     W34                                      Info         iob_lib.vh          148     2     Macro 'WRITE' is never used
[4E]     W34                                      Info         iob_lib.vh          149     2     Macro 'RDATA' is never used
[4F]     W34                                      Info         iob_lib.vh          150     2     Macro 'RVALID' is never used
[50]     W34                                      Info         iob_lib.vh          151     2     Macro 'READY' is never used
+++++++++++++++++++++++++++++++++++++++++++++++++++++++++++++++++++++++++++++++++++++++
